tradeRef,productId,productName,tradeDate,qty,buySell,price
T-BF-273,973826194,Product-Name-904,20210712,376220004,S,0.597483306120976
T-BF-321,483786090,Product-Name-276,20210712,222274927,B,0.35789522901062
T-BF-249,543024053,Product-Name-546,20210712,273976157,S,0.732840139315815
