tradeRef,productId,productName,productType,brokerId,brokerName,tradeDate,qty,buySell,price
T-BF-839,118862950,Product-Name-171,Bond Future,1,Broker-B,20210717,834762177,B,0.34435904930099
T-BF-956,325257963,Product-Name-199,Bond Future,1,Broker-B,20210717,564737210,B,0.656263365302557
T-BF-542,217715892,Product-Name-52,Bond Future,1,Broker-B,20210717,372247991,S,0.272415224320035
T-BF-9,73064354,Product-Name-914,Bond Future,1,Broker-B,20210717,824019542,S,0.511804549929087
T-BF-840,256093362,Product-Name-181,Bond Future,1,Broker-B,20210717,451892170,B,0.550035008990128
T-BF-790,701376461,Product-Name-59,Bond Future,1,Broker-B,20210717,226473326,B,0.203445846447146
