tradeRef,productId,productName,productType,brokerId,brokerName,tradeDate,qty,buySell,price
T-OTH-889,500496299,Product-Name-710,Others,1,Broker-B,20210719,398631481,B,0.377766059754579
T-OTH-370,205441880,Product-Name-994,Others,1,Broker-B,20210719,212975282,S,0.445268329830678
T-OTH-263,934539697,Product-Name-162,Others,1,Broker-B,20210719,498037718,B,0.843446314097493
T-OTH-842,276938608,Product-Name-344,Others,1,Broker-B,20210719,8517522,B,0.622439792297326
